components/net-worth/asset-manager.tsx(3,24): error TS2307: Cannot find module '@/components/ui/button' or its corresponding type declarations.
components/net-worth/asset-manager.tsx(4,75): error TS2307: Cannot find module '@/components/ui/card' or its corresponding type declarations.
components/net-worth/asset-manager.tsx(5,23): error TS2307: Cannot find module '@/components/ui/input' or its corresponding type declarations.
components/net-worth/asset-manager.tsx(6,23): error TS2307: Cannot find module '@/components/ui/label' or its corresponding type declarations.
components/net-worth/asset-manager.tsx(7,79): error TS2307: Cannot find module '@/components/ui/select' or its corresponding type declarations.
components/net-worth/asset-manager.tsx(8,58): error TS2307: Cannot find module '@/components/ui/tabs' or its corresponding type declarations.
components/net-worth/asset-manager.tsx(9,93): error TS2307: Cannot find module '@/components/ui/table' or its corresponding type declarations.
components/net-worth/asset-manager.tsx(12,79): error TS2307: Cannot find module '@/app/dashboard/investments/actions' or its corresponding type declarations.
components/net-worth/asset-manager.tsx(14,20): error TS2307: Cannot find module '@/lib/utils' or its corresponding type declarations.
components/net-worth/asset-manager.tsx(23,8): error TS2307: Cannot find module '@/components/ui/command' or its corresponding type declarations.
components/net-worth/asset-manager.tsx(28,8): error TS2307: Cannot find module '@/components/ui/popover' or its corresponding type declarations.
components/net-worth/asset-manager.tsx(29,32): error TS2307: Cannot find module '@/app/dashboard/investments/popular-assets' or its corresponding type declarations.
components/net-worth/asset-manager.tsx(174,9): error TS17004: Cannot use JSX unless the '--jsx' flag is provided.
components/net-worth/asset-manager.tsx(177,13): error TS17004: Cannot use JSX unless the '--jsx' flag is provided.
components/net-worth/asset-manager.tsx(180,17): error TS17004: Cannot use JSX unless the '--jsx' flag is provided.
components/net-worth/asset-manager.tsx(181,21): error TS17004: Cannot use JSX unless the '--jsx' flag is provided.
components/net-worth/asset-manager.tsx(182,25): error TS17004: Cannot use JSX unless the '--jsx' flag is provided.
components/net-worth/asset-manager.tsx(183,29): error TS17004: Cannot use JSX unless the '--jsx' flag is provided.
components/net-worth/asset-manager.tsx(186,25): error TS17004: Cannot use JSX unless the '--jsx' flag is provided.
components/net-worth/asset-manager.tsx(188,21): error TS17004: Cannot use JSX unless the '--jsx' flag is provided.
components/net-worth/asset-manager.tsx(189,25): error TS17004: Cannot use JSX unless the '--jsx' flag is provided.
components/net-worth/asset-manager.tsx(190,29): error TS17004: Cannot use JSX unless the '--jsx' flag is provided.
components/net-worth/asset-manager.tsx(191,33): error TS17004: Cannot use JSX unless the '--jsx' flag is provided.
components/net-worth/asset-manager.tsx(192,33): error TS17004: Cannot use JSX unless the '--jsx' flag is provided.
components/net-worth/asset-manager.tsx(196,29): error TS17004: Cannot use JSX unless the '--jsx' flag is provided.
components/net-worth/asset-manager.tsx(197,33): error TS17004: Cannot use JSX unless the '--jsx' flag is provided.
components/net-worth/asset-manager.tsx(198,37): error TS17004: Cannot use JSX unless the '--jsx' flag is provided.
components/net-worth/asset-manager.tsx(199,41): error TS17004: Cannot use JSX unless the '--jsx' flag is provided.
components/net-worth/asset-manager.tsx(202,37): error TS17004: Cannot use JSX unless the '--jsx' flag is provided.
components/net-worth/asset-manager.tsx(205,33): error TS17004: Cannot use JSX unless the '--jsx' flag is provided.
components/net-worth/asset-manager.tsx(206,37): error TS17004: Cannot use JSX unless the '--jsx' flag is provided.
components/net-worth/asset-manager.tsx(207,41): error TS17004: Cannot use JSX unless the '--jsx' flag is provided.
components/net-worth/asset-manager.tsx(208,41): error TS17004: Cannot use JSX unless the '--jsx' flag is provided.
components/net-worth/asset-manager.tsx(215,37): error TS17004: Cannot use JSX unless the '--jsx' flag is provided.
components/net-worth/asset-manager.tsx(216,41): error TS17004: Cannot use JSX unless the '--jsx' flag is provided.
components/net-worth/asset-manager.tsx(217,45): error TS17004: Cannot use JSX unless the '--jsx' flag is provided.
components/net-worth/asset-manager.tsx(218,45): error TS17004: Cannot use JSX unless the '--jsx' flag is provided.
components/net-worth/asset-manager.tsx(228,41): error TS17004: Cannot use JSX unless the '--jsx' flag is provided.
components/net-worth/asset-manager.tsx(229,45): error TS17004: Cannot use JSX unless the '--jsx' flag is provided.
components/net-worth/asset-manager.tsx(230,45): error TS17004: Cannot use JSX unless the '--jsx' flag is provided.
components/net-worth/asset-manager.tsx(231,49): error TS17004: Cannot use JSX unless the '--jsx' flag is provided.
components/net-worth/asset-manager.tsx(231,64): error TS17004: Cannot use JSX unless the '--jsx' flag is provided.
components/net-worth/asset-manager.tsx(232,49): error TS17004: Cannot use JSX unless the '--jsx' flag is provided.
components/net-worth/asset-manager.tsx(233,53): error TS17004: Cannot use JSX unless the '--jsx' flag is provided.
components/net-worth/asset-manager.tsx(234,53): error TS17004: Cannot use JSX unless the '--jsx' flag is provided.
components/net-worth/asset-manager.tsx(235,53): error TS17004: Cannot use JSX unless the '--jsx' flag is provided.
components/net-worth/asset-manager.tsx(236,53): error TS17004: Cannot use JSX unless the '--jsx' flag is provided.
components/net-worth/asset-manager.tsx(241,37): error TS17004: Cannot use JSX unless the '--jsx' flag is provided.
components/net-worth/asset-manager.tsx(242,54): error TS17004: Cannot use JSX unless the '--jsx' flag is provided.
components/net-worth/asset-manager.tsx(248,29): error TS17004: Cannot use JSX unless the '--jsx' flag is provided.
components/net-worth/asset-manager.tsx(249,33): error TS17004: Cannot use JSX unless the '--jsx' flag is provided.
components/net-worth/asset-manager.tsx(250,37): error TS17004: Cannot use JSX unless the '--jsx' flag is provided.
components/net-worth/asset-manager.tsx(251,41): error TS17004: Cannot use JSX unless the '--jsx' flag is provided.
components/net-worth/asset-manager.tsx(254,37): error TS17004: Cannot use JSX unless the '--jsx' flag is provided.
components/net-worth/asset-manager.tsx(257,33): error TS17004: Cannot use JSX unless the '--jsx' flag is provided.
components/net-worth/asset-manager.tsx(258,38): error TS17004: Cannot use JSX unless the '--jsx' flag is provided.
components/net-worth/asset-manager.tsx(259,41): error TS17004: Cannot use JSX unless the '--jsx' flag is provided.
components/net-worth/asset-manager.tsx(260,45): error TS17004: Cannot use JSX unless the '--jsx' flag is provided.
components/net-worth/asset-manager.tsx(261,45): error TS17004: Cannot use JSX unless the '--jsx' flag is provided.
components/net-worth/asset-manager.tsx(272,41): error TS17004: Cannot use JSX unless the '--jsx' flag is provided.
components/net-worth/asset-manager.tsx(273,45): error TS17004: Cannot use JSX unless the '--jsx' flag is provided.
components/net-worth/asset-manager.tsx(274,45): error TS17004: Cannot use JSX unless the '--jsx' flag is provided.
components/net-worth/asset-manager.tsx(275,49): error TS17004: Cannot use JSX unless the '--jsx' flag is provided.
components/net-worth/asset-manager.tsx(276,53): error TS17004: Cannot use JSX unless the '--jsx' flag is provided.
components/net-worth/asset-manager.tsx(283,57): error TS17004: Cannot use JSX unless the '--jsx' flag is provided.
components/net-worth/asset-manager.tsx(286,49): error TS17004: Cannot use JSX unless the '--jsx' flag is provided.
components/net-worth/asset-manager.tsx(287,53): error TS17004: Cannot use JSX unless the '--jsx' flag is provided.
components/net-worth/asset-manager.tsx(288,57): error TS17004: Cannot use JSX unless the '--jsx' flag is provided.
components/net-worth/asset-manager.tsx(293,57): error TS17004: Cannot use JSX unless the '--jsx' flag is provided.
components/net-worth/asset-manager.tsx(294,61): error TS17004: Cannot use JSX unless the '--jsx' flag is provided.
components/net-worth/asset-manager.tsx(295,65): error TS17004: Cannot use JSX unless the '--jsx' flag is provided.
components/net-worth/asset-manager.tsx(296,70): error TS17004: Cannot use JSX unless the '--jsx' flag is provided.
components/net-worth/asset-manager.tsx(297,70): error TS17004: Cannot use JSX unless the '--jsx' flag is provided.
components/net-worth/asset-manager.tsx(314,61): error TS17004: Cannot use JSX unless the '--jsx' flag is provided.
components/net-worth/asset-manager.tsx(316,70): error TS17004: Cannot use JSX unless the '--jsx' flag is provided.
components/net-worth/asset-manager.tsx(325,73): error TS17004: Cannot use JSX unless the '--jsx' flag is provided.
components/net-worth/asset-manager.tsx(326,73): error TS17004: Cannot use JSX unless the '--jsx' flag is provided.
components/net-worth/asset-manager.tsx(327,73): error TS17004: Cannot use JSX unless the '--jsx' flag is provided.
components/net-worth/asset-manager.tsx(340,41): error TS17004: Cannot use JSX unless the '--jsx' flag is provided.
components/net-worth/asset-manager.tsx(341,45): error TS17004: Cannot use JSX unless the '--jsx' flag is provided.
components/net-worth/asset-manager.tsx(342,50): error TS17004: Cannot use JSX unless the '--jsx' flag is provided.
components/net-worth/asset-manager.tsx(345,49): error TS17004: Cannot use JSX unless the '--jsx' flag is provided.
components/net-worth/asset-manager.tsx(346,53): error TS17004: Cannot use JSX unless the '--jsx' flag is provided.
components/net-worth/asset-manager.tsx(347,53): error TS17004: Cannot use JSX unless the '--jsx' flag is provided.
components/net-worth/asset-manager.tsx(352,45): error TS17004: Cannot use JSX unless the '--jsx' flag is provided.
components/net-worth/asset-manager.tsx(353,49): error TS17004: Cannot use JSX unless the '--jsx' flag is provided.
components/net-worth/asset-manager.tsx(354,49): error TS17004: Cannot use JSX unless the '--jsx' flag is provided.
components/net-worth/asset-manager.tsx(360,45): error TS17004: Cannot use JSX unless the '--jsx' flag is provided.
components/net-worth/asset-manager.tsx(372,17): error TS17004: Cannot use JSX unless the '--jsx' flag is provided.
components/net-worth/asset-manager.tsx(373,21): error TS17004: Cannot use JSX unless the '--jsx' flag is provided.
components/net-worth/asset-manager.tsx(374,25): error TS17004: Cannot use JSX unless the '--jsx' flag is provided.
components/net-worth/asset-manager.tsx(375,29): error TS17004: Cannot use JSX unless the '--jsx' flag is provided.
components/net-worth/asset-manager.tsx(378,25): error TS17004: Cannot use JSX unless the '--jsx' flag is provided.
components/net-worth/asset-manager.tsx(379,36): error TS17004: Cannot use JSX unless the '--jsx' flag is provided.
components/net-worth/asset-manager.tsx(382,21): error TS17004: Cannot use JSX unless the '--jsx' flag is provided.
components/net-worth/asset-manager.tsx(384,29): error TS17004: Cannot use JSX unless the '--jsx' flag is provided.
components/net-worth/asset-manager.tsx(385,33): error TS17004: Cannot use JSX unless the '--jsx' flag is provided.
components/net-worth/asset-manager.tsx(386,37): error TS17004: Cannot use JSX unless the '--jsx' flag is provided.
components/net-worth/asset-manager.tsx(398,45): error TS17004: Cannot use JSX unless the '--jsx' flag is provided.
components/net-worth/asset-manager.tsx(401,37): error TS17004: Cannot use JSX unless the '--jsx' flag is provided.
components/net-worth/asset-manager.tsx(406,37): error TS17004: Cannot use JSX unless the '--jsx' flag is provided.
components/net-worth/asset-manager.tsx(410,30): error TS17004: Cannot use JSX unless the '--jsx' flag is provided.
components/net-worth/asset-manager.tsx(411,33): error TS17004: Cannot use JSX unless the '--jsx' flag is provided.
components/net-worth/asset-manager.tsx(412,37): error TS17004: Cannot use JSX unless the '--jsx' flag is provided.
components/net-worth/asset-manager.tsx(414,33): error TS17004: Cannot use JSX unless the '--jsx' flag is provided.
components/net-worth/asset-manager.tsx(422,14): error TS17004: Cannot use JSX unless the '--jsx' flag is provided.
components/net-worth/asset-manager.tsx(423,17): error TS17004: Cannot use JSX unless the '--jsx' flag is provided.
components/net-worth/asset-manager.tsx(424,21): error TS17004: Cannot use JSX unless the '--jsx' flag is provided.
components/net-worth/asset-manager.tsx(425,21): error TS17004: Cannot use JSX unless the '--jsx' flag is provided.
components/net-worth/asset-manager.tsx(427,17): error TS17004: Cannot use JSX unless the '--jsx' flag is provided.
components/net-worth/asset-manager.tsx(428,21): error TS17004: Cannot use JSX unless the '--jsx' flag is provided.
components/net-worth/asset-manager.tsx(429,25): error TS17004: Cannot use JSX unless the '--jsx' flag is provided.
components/net-worth/asset-manager.tsx(430,29): error TS17004: Cannot use JSX unless the '--jsx' flag is provided.
components/net-worth/asset-manager.tsx(431,33): error TS17004: Cannot use JSX unless the '--jsx' flag is provided.
components/net-worth/asset-manager.tsx(432,33): error TS17004: Cannot use JSX unless the '--jsx' flag is provided.
components/net-worth/asset-manager.tsx(433,33): error TS17004: Cannot use JSX unless the '--jsx' flag is provided.
components/net-worth/asset-manager.tsx(434,33): error TS17004: Cannot use JSX unless the '--jsx' flag is provided.
components/net-worth/asset-manager.tsx(435,33): error TS17004: Cannot use JSX unless the '--jsx' flag is provided.
components/net-worth/asset-manager.tsx(436,33): error TS17004: Cannot use JSX unless the '--jsx' flag is provided.
components/net-worth/asset-manager.tsx(439,25): error TS17004: Cannot use JSX unless the '--jsx' flag is provided.
components/net-worth/asset-manager.tsx(441,33): error TS17004: Cannot use JSX unless the '--jsx' flag is provided.
components/net-worth/asset-manager.tsx(442,37): error TS17004: Cannot use JSX unless the '--jsx' flag is provided.
components/net-worth/asset-manager.tsx(453,41): error TS17004: Cannot use JSX unless the '--jsx' flag is provided.
components/net-worth/asset-manager.tsx(454,45): error TS17004: Cannot use JSX unless the '--jsx' flag is provided.
components/net-worth/asset-manager.tsx(455,49): error TS17004: Cannot use JSX unless the '--jsx' flag is provided.
components/net-worth/asset-manager.tsx(456,53): error TS17004: Cannot use JSX unless the '--jsx' flag is provided.
components/net-worth/asset-manager.tsx(460,68): error TS17004: Cannot use JSX unless the '--jsx' flag is provided.
components/net-worth/asset-manager.tsx(460,104): error TS17004: Cannot use JSX unless the '--jsx' flag is provided.
components/net-worth/asset-manager.tsx(462,53): error TS17004: Cannot use JSX unless the '--jsx' flag is provided.
components/net-worth/asset-manager.tsx(463,57): error TS17004: Cannot use JSX unless the '--jsx' flag is provided.
components/net-worth/asset-manager.tsx(464,74): error TS17004: Cannot use JSX unless the '--jsx' flag is provided.
components/net-worth/asset-manager.tsx(468,45): error TS17004: Cannot use JSX unless the '--jsx' flag is provided.
components/net-worth/asset-manager.tsx(469,49): error TS17004: Cannot use JSX unless the '--jsx' flag is provided.
components/net-worth/asset-manager.tsx(476,45): error TS17004: Cannot use JSX unless the '--jsx' flag is provided.
components/net-worth/asset-manager.tsx(479,45): error TS17004: Cannot use JSX unless the '--jsx' flag is provided.
components/net-worth/asset-manager.tsx(482,45): error TS17004: Cannot use JSX unless the '--jsx' flag is provided.
components/net-worth/asset-manager.tsx(485,45): error TS17004: Cannot use JSX unless the '--jsx' flag is provided.
components/net-worth/asset-manager.tsx(486,49): error TS17004: Cannot use JSX unless the '--jsx' flag is provided.
components/net-worth/asset-manager.tsx(492,53): error TS17004: Cannot use JSX unless the '--jsx' flag is provided.
node_modules/sonner/dist/index.d.ts(1,8): error TS1259: Module '"C:/Users/tiago/OneDrive/Ambiente de Trabalho/Loop/loop-finance-tracker/node_modules/@types/react/index"' can only be default-imported using the 'esModuleInterop' flag
